Node 0: w=0.0 v=0.0 ub=7336.0
Node 1: w=2.0 v=28.0 ub=1666.0
Node 1: w=0.0 v=0.0 ub=1644.3
Node 2: w=31.0 v=119.0 ub=1450.1
Node 2: w=2.0 v=28.0 ub=1437.4
Node 2: w=29.0 v=91.0 ub=1427.5
Node 2: w=0.0 v=0.0 ub=1414.8
Node 3: w=61.0 v=200.0 ub=1012.8
Node 4: w=106.0 v=279.0 ub=998.0
Node 4: w=61.0 v=200.0 ub=996.4
Node 3: w=59.0 v=172.0 ub=988.3
Node 3: w=31.0 v=119.0 ub=984.5
Node 4: w=104.0 v=251.0 ub=973.4
Node 3: w=32.0 v=109.0 ub=972.7
Node 4: w=59.0 v=172.0 ub=971.8
Node 4: w=76.0 v=198.0 ub=968.6
Node 4: w=31.0 v=119.0 ub=967.0
Node 3: w=29.0 v=91.0 ub=960.0
Node 4: w=77.0 v=188.0 ub=956.8
Node 4: w=32.0 v=109.0 ub=955.2
Node 3: w=30.0 v=81.0 ub=948.2
Node 3: w=2.0 v=28.0 ub=944.4
Node 4: w=74.0 v=170.0 ub=944.0
Node 4: w=29.0 v=91.0 ub=942.4
Node 4: w=75.0 v=160.0 ub=932.3
Node 4: w=30.0 v=81.0 ub=930.7
Node 4: w=47.0 v=107.0 ub=927.4
Node 4: w=2.0 v=28.0 ub=925.8
Node 3: w=0.0 v=0.0 ub=919.9
Node 4: w=45.0 v=79.0 ub=902.9
Node 4: w=0.0 v=0.0 ub=901.3
Node 5: w=131.0 v=322.0 ub=880.5
Node 5: w=106.0 v=279.0 ub=873.0
Node 5: w=86.0 v=243.0 ub=865.4
Node 5: w=61.0 v=200.0 ub=857.9
Node 5: w=129.0 v=294.0 ub=855.3
Node 5: w=104.0 v=251.0 ub=847.8
Node 6: w=150.0 v=349.0 ub=847.7
Node 6: w=131.0 v=322.0 ub=846.0
Node 5: w=101.0 v=241.0 ub=842.1
Node 5: w=84.0 v=215.0 ub=840.3
Node 6: w=125.0 v=306.0 ub=838.0
Node 6: w=106.0 v=279.0 ub=836.3
Node 5: w=76.0 v=198.0 ub=834.6
Node 5: w=59.0 v=172.0 ub=832.8
Node 5: w=102.0 v=231.0 ub=830.7
Node 6: w=105.0 v=270.0 ub=828.7
Node 5: w=56.0 v=162.0 ub=827.1
Node 6: w=86.0 v=243.0 ub=827.0
Node 5: w=77.0 v=188.0 ub=823.2
Node 6: w=148.0 v=321.0 ub=822.3
Node 6: w=129.0 v=294.0 ub=820.7
Node 5: w=31.0 v=119.0 ub=819.6
Node 6: w=80.0 v=227.0 ub=819.0
Node 6: w=61.0 v=200.0 ub=817.3
Node 5: w=99.0 v=213.0 ub=816.9
Node 5: w=57.0 v=152.0 ub=815.6
Node 6: w=123.0 v=278.0 ub=812.7
Node 6: w=104.0 v=251.0 ub=811.0
Node 5: w=74.0 v=170.0 ub=809.5
Node 5: w=32.0 v=109.0 ub=808.2
Node 6: w=120.0 v=268.0 ub=806.7
Node 7: w=156.0 v=357.0 ub=805.8
Node 5: w=100.0 v=203.0 ub=805.5
Node 7: w=150.0 v=349.0 ub=805.1
Node 6: w=101.0 v=241.0 ub=805.0
Node 6: w=103.0 v=242.0 ub=803.3
Node 7: w=137.0 v=330.0 ub=802.0
Node 5: w=54.0 v=134.0 ub=801.9
Node 6: w=84.0 v=215.0 ub=801.7
Node 7: w=131.0 v=322.0 ub=801.3
Node 8: w=238.0 v=457.0 ub=800.2
Node 8: w=232.0 v=449.0 ub=799.4
Node 8: w=156.0 v=357.0 ub=798.6
Node 5: w=75.0 v=160.0 ub=798.1
Node 8: w=150.0 v=349.0 ub=797.8
Node 6: w=95.0 v=225.0 ub=797.0
Node 8: w=219.0 v=430.0 ub=796.0
Node 6: w=76.0 v=198.0 ub=795.3
Node 6: w=121.0 v=258.0 ub=795.3
Node 8: w=213.0 v=422.0 ub=795.2
Node 5: w=29.0 v=91.0 ub=794.4
Node 8: w=137.0 v=330.0 ub=794.4
Node 6: w=78.0 v=199.0 ub=793.7
Node 6: w=102.0 v=231.0 ub=793.7
Node 8: w=131.0 v=322.0 ub=793.6
Node 7: w=131.0 v=314.0 ub=793.3
Node 7: w=125.0 v=306.0 ub=792.6
Node 5: w=72.0 v=150.0 ub=792.3
Node 6: w=59.0 v=172.0 ub=792.0
Node 5: w=55.0 v=124.0 ub=790.5
Node 7: w=112.0 v=287.0 ub=789.4
Node 7: w=106.0 v=279.0 ub=788.8
Node 6: w=75.0 v=189.0 ub=787.7
Node 8: w=213.0 v=414.0 ub=787.2
Node 8: w=207.0 v=406.0 ub=786.4
Node 6: w=56.0 v=162.0 ub=786.0
Node 6: w=96.0 v=215.0 ub=785.7
Node 8: w=131.0 v=314.0 ub=785.6
Node 5: w=47.0 v=107.0 ub=784.8
Node 8: w=125.0 v=306.0 ub=784.8
Node 6: w=77.0 v=188.0 ub=784.0
Node 8: w=194.0 v=387.0 ub=783.0
Node 5: w=30.0 v=81.0 ub=783.0
Node 8: w=188.0 v=379.0 ub=782.2
Node 7: w=111.0 v=278.0 ub=781.7
Node 8: w=112.0 v=287.0 ub=781.4
Node 6: w=118.0 v=240.0 ub=781.3
Node 7: w=105.0 v=270.0 ub=781.0
Node 8: w=106.0 v=279.0 ub=780.6
Node 7: w=154.0 v=329.0 ub=780.2
Node 6: w=99.0 v=213.0 ub=779.7
Node 7: w=148.0 v=321.0 ub=779.5
Node 6: w=50.0 v=146.0 ub=778.0
Node 7: w=92.0 v=251.0 ub=777.8
Node 5: w=27.0 v=71.0 ub=777.3
Node 7: w=86.0 v=243.0 ub=777.1
Node 7: w=135.0 v=302.0 ub=776.4
Node 6: w=31.0 v=119.0 ub=776.3
Node 6: w=76.0 v=179.0 ub=776.3
Node 7: w=129.0 v=294.0 ub=775.7
Node 8: w=193.0 v=378.0 ub=775.2
Node 6: w=57.0 v=152.0 ub=774.7
Node 8: w=236.0 v=429.0 ub=774.6
Node 8: w=187.0 v=370.0 ub=774.4
Node 8: w=230.0 v=421.0 ub=773.8
Node 8: w=111.0 v=278.0 ub=773.6
Node 8: w=154.0 v=329.0 ub=773.0
Node 8: w=105.0 v=270.0 ub=772.8
Node 8: w=148.0 v=321.0 ub=772.2
Node 6: w=93.0 v=197.0 ub=771.7
Node 8: w=174.0 v=351.0 ub=771.0
Node 8: w=217.0 v=402.0 ub=770.4
Node 8: w=168.0 v=343.0 ub=770.2
Node 6: w=119.0 v=230.0 ub=770.0
Node 6: w=74.0 v=170.0 ub=770.0
Node 5: w=2.0 v=28.0 ub=769.8
Node 8: w=211.0 v=394.0 ub=769.6
Node 8: w=92.0 v=251.0 ub=769.4
Node 7: w=86.0 v=235.0 ub=769.1
Node 8: w=135.0 v=302.0 ub=768.8
Node 8: w=86.0 v=243.0 ub=768.6
Node 7: w=80.0 v=227.0 ub=768.5
Node 6: w=100.0 v=203.0 ub=768.3
Node 8: w=129.0 v=294.0 ub=768.0
Node 7: w=129.0 v=286.0 ub=767.7
Node 5: w=70.0 v=122.0 ub=767.2
Node 7: w=123.0 v=278.0 ub=767.0
Node 6: w=51.0 v=136.0 ub=766.7
Node 7: w=67.0 v=208.0 ub=765.3
Node 6: w=32.0 v=109.0 ub=765.0
Node 7: w=61.0 v=200.0 ub=764.6
Node 7: w=110.0 v=259.0 ub=763.9
Node 7: w=104.0 v=251.0 ub=763.2
Node 6: w=73.0 v=161.0 ub=762.3
Node 8: w=168.0 v=335.0 ub=762.2
Node 8: w=211.0 v=386.0 ub=761.6
Node 8: w=162.0 v=327.0 ub=761.4
Node 7: w=126.0 v=276.0 ub=761.4
Node 8: w=205.0 v=378.0 ub=760.8
Node 7: w=120.0 v=268.0 ub=760.7
Node 6: w=54.0 v=134.0 ub=760.7
Node 8: w=86.0 v=235.0 ub=760.6
Node 6: w=94.0 v=187.0 ub=760.3
Node 8: w=129.0 v=286.0 ub=760.0
Node 8: w=80.0 v=227.0 ub=759.8
Node 5: w=45.0 v=79.0 ub=759.7
Node 8: w=123.0 v=278.0 ub=759.2
Node 6: w=75.0 v=160.0 ub=758.7
Node 8: w=149.0 v=308.0 ub=758.0
Node 7: w=107.0 v=249.0 ub=757.5
Node 8: w=192.0 v=359.0 ub=757.4
Node 8: w=143.0 v=300.0 ub=757.2
Node 7: w=101.0 v=241.0 ub=756.9
Node 8: w=186.0 v=351.0 ub=756.6
Node 8: w=67.0 v=208.0 ub=756.4
Node 7: w=109.0 v=250.0 ub=756.1
Node 8: w=110.0 v=259.0 ub=755.8
Node 8: w=61.0 v=200.0 ub=755.6
Node 7: w=103.0 v=242.0 ub=755.4
Node 8: w=208.0 v=376.0 ub=755.2
Node 8: w=104.0 v=251.0 ub=755.0
Node 8: w=202.0 v=368.0 ub=754.4
Node 6: w=91.0 v=177.0 ub=754.3
Node 8: w=126.0 v=276.0 ub=753.6
Node 8: w=120.0 v=268.0 ub=752.8
Node 6: w=48.0 v=118.0 ub=752.7
Node 6: w=72.0 v=150.0 ub=752.7
Node 7: w=90.0 v=223.0 ub=752.3
Node 5: w=25.0 v=43.0 ub=752.1
Node 7: w=84.0 v=215.0 ub=751.6
Node 8: w=189.0 v=349.0 ub=751.0
Node 6: w=74.0 v=151.0 ub=751.0
Node 6: w=29.0 v=91.0 ub=751.0
Node 8: w=183.0 v=341.0 ub=750.2
Node 7: w=127.0 v=266.0 ub=750.1
Node 8: w=191.0 v=350.0 ub=749.6
Node 7: w=121.0 v=258.0 ub=749.5
Node 8: w=107.0 v=249.0 ub=749.4
Node 6: w=55.0 v=124.0 ub=749.3
Node 7: w=101.0 v=233.0 ub=748.9
Node 8: w=185.0 v=342.0 ub=748.8
Node 8: w=101.0 v=241.0 ub=748.6
Node 7: w=95.0 v=225.0 ub=748.2
Node 8: w=109.0 v=250.0 ub=748.0
Node 8: w=103.0 v=242.0 ub=747.2
Node 7: w=108.0 v=239.0 ub=746.3
Node 7: w=102.0 v=231.0 ub=745.6
Node 8: w=172.0 v=323.0 ub=745.4
Node 7: w=82.0 v=206.0 ub=745.0
Node 6: w=66.0 v=134.0 ub=744.7
Node 5: w=0.0 v=0.0 ub=744.6
Node 8: w=166.0 v=315.0 ub=744.6
Node 7: w=76.0 v=198.0 ub=744.3
Node 8: w=209.0 v=366.0 ub=744.0
Node 8: w=90.0 v=223.0 ub=743.8
Node 7: w=84.0 v=207.0 ub=743.6
Node 8: w=203.0 v=358.0 ub=743.2
Node 6: w=47.0 v=107.0 ub=743.0
Node 8: w=84.0 v=215.0 ub=743.0
Node 7: w=78.0 v=199.0 ub=742.9
Node 8: w=127.0 v=266.0 ub=742.4
Node 8: w=183.0 v=333.0 ub=742.2
Node 8: w=121.0 v=258.0 ub=741.6
Node 8: w=177.0 v=325.0 ub=741.4
Node 6: w=49.0 v=108.0 ub=741.3
Node 8: w=101.0 v=233.0 ub=740.6
Node 8: w=95.0 v=225.0 ub=739.8
Node 8: w=190.0 v=339.0 ub=739.8
Node 7: w=65.0 v=180.0 ub=739.8
Node 6: w=30.0 v=81.0 ub=739.7
Node 7: w=59.0 v=172.0 ub=739.1
Node 8: w=184.0 v=331.0 ub=739.0
Node 8: w=108.0 v=239.0 ub=738.2
Node 8: w=164.0 v=306.0 ub=738.0
Node 7: w=102.0 v=223.0 ub=737.6
Node 9: w=298.0 v=529.0 ub=737.6
Node 10: w=363.0 v=589.0 ub=737.6
Node 10: w=298.0 v=529.0 ub=737.6
Node 8: w=102.0 v=231.0 ub=737.4
Node 7: w=81.0 v=197.0 ub=737.2
Node 8: w=158.0 v=298.0 ub=737.2
Node 7: w=96.0 v=215.0 ub=737.0
Node 8: w=166.0 v=307.0 ub=736.6
Node 7: w=75.0 v=189.0 ub=736.6
Node 8: w=82.0 v=206.0 ub=736.4
Node 7: w=124.0 v=248.0 ub=735.8
Node 8: w=160.0 v=299.0 ub=735.8
Node 8: w=76.0 v=198.0 ub=735.6
Node 6: w=46.0 v=98.0 ub=735.3
Node 9: w=292.0 v=521.0 ub=735.2
Node 10: w=357.0 v=581.0 ub=735.2
Node 10: w=292.0 v=521.0 ub=735.2
Node 7: w=118.0 v=240.0 ub=735.1
Node 8: w=84.0 v=207.0 ub=735.0
Node 8: w=78.0 v=199.0 ub=734.2
Node 7: w=83.0 v=196.0 ub=733.8
Node 6: w=27.0 v=71.0 ub=733.7
Node 11: w=454.0 v=673.0 ub=733.5
Node 7: w=62.0 v=170.0 ub=733.4
Node 12: w=476.0 v=692.0 ub=733.2
Node 12: w=454.0 v=673.0 ub=733.1
Node 7: w=77.0 v=188.0 ub=733.1
Node 7: w=56.0 v=162.0 ub=732.7
Node 8: w=147.0 v=280.0 ub=732.4
Node 7: w=105.0 v=221.0 ub=732.0
Node 8: w=141.0 v=272.0 ub=731.6
Node 7: w=99.0 v=213.0 ub=731.3
Node 8: w=184.0 v=323.0 ub=731.0
Node 8: w=65.0 v=180.0 ub=730.8
Node 11: w=448.0 v=665.0 ub=730.6
Node 12: w=470.0 v=684.0 ub=730.4
Node 12: w=448.0 v=665.0 ub=730.3
Node 8: w=163.0 v=297.0 ub=730.2
Node 8: w=178.0 v=315.0 ub=730.2
Node 8: w=59.0 v=172.0 ub=730.0
Node 8: w=206.0 v=348.0 ub=729.6
Node 11: w=389.0 v=613.0 ub=729.6
Node 8: w=102.0 v=223.0 ub=729.4
Node 8: w=157.0 v=289.0 ub=729.4
Node 13: w=519.0 v=726.0 ub=729.3
Node 14: w=519.0 v=726.0 ub=729.2
Node 12: w=411.0 v=632.0 ub=729.1
Node 15: w=519.0 v=726.0 ub=729.1
Node 6: w=89.0 v=149.0 ub=729.0
Node 12: w=389.0 v=613.0 ub=729.0
Node 16: w=519.0 v=726.0 ub=728.9
Node 8: w=200.0 v=340.0 ub=728.8
Node 8: w=81.0 v=197.0 ub=728.6
Node 8: w=96.0 v=215.0 ub=728.6
Node 9: w=279.0 v=502.0 ub=728.2
Node 10: w=344.0 v=562.0 ub=728.2
Node 10: w=279.0 v=502.0 ub=728.2
Node 11: w=363.0 v=589.0 ub=728.0
Node 8: w=124.0 v=248.0 ub=728.0
Node 8: w=75.0 v=189.0 ub=727.8
Node 17: w=519.0 v=726.0 ub=727.8
Node 18: w=519.0 v=726.0 ub=727.7
Node 12: w=385.0 v=608.0 ub=727.4
Node 6: w=70.0 v=122.0 ub=727.3
Node 12: w=363.0 v=589.0 ub=727.3
Node 8: w=118.0 v=240.0 ub=727.2
Node 8: w=165.0 v=296.0 ub=726.8
Node 11: w=383.0 v=605.0 ub=726.8
Node 19: w=519.0 v=726.0 ub=726.8
Node 12: w=405.0 v=624.0 ub=726.2
Node 12: w=383.0 v=605.0 ub=726.1
Node 7: w=82.0 v=187.0 ub=726.0
Node 8: w=159.0 v=288.0 ub=726.0
Node 8: w=144.0 v=270.0 ub=726.0
Node 20: w=519.0 v=726.0 ub=726.0
Node 21: w=519.0 v=726.0 ub=726.0
Node 21: w=519.0 v=726.0 ub=726.0
Node 9: w=273.0 v=494.0 ub=725.7
Node 6: w=21.0 v=55.0 ub=725.7
Node 8: w=187.0 v=321.0 ub=725.4
Node 7: w=76.0 v=179.0 ub=725.3
Node 11: w=357.0 v=581.0 ub=725.2
Node 8: w=138.0 v=262.0 ub=725.2
Node 8: w=83.0 v=196.0 ub=725.2
Node 7: w=56.0 v=154.0 ub=724.7
Node 8: w=181.0 v=313.0 ub=724.6
Node 7: w=125.0 v=238.0 ub=724.6
Node 8: w=62.0 v=170.0 ub=724.4
Node 8: w=77.0 v=188.0 ub=724.4
Node 11: w=298.0 v=529.0 ub=724.2
Node 7: w=50.0 v=146.0 ub=724.0
Node 6: w=2.0 v=28.0 ub=724.0
Node 7: w=119.0 v=230.0 ub=723.9
Node 8: w=105.0 v=221.0 ub=723.8
Node 8: w=56.0 v=162.0 ub=723.6
Node 13: w=476.0 v=692.0 ub=723.3
Node 7: w=99.0 v=205.0 ub=723.3
Node 8: w=99.0 v=213.0 ub=723.0
Node 11: w=435.0 v=646.0 ub=722.9
Node 7: w=93.0 v=197.0 ub=722.6
Node 7: w=63.0 v=160.0 ub=722.2
Node 7: w=57.0 v=152.0 ub=721.5
Node 11: w=292.0 v=521.0 ub=721.4
Node 9: w=238.0 v=457.0 ub=721.0
Node 7: w=37.0 v=127.0 ub=720.9
Node 7: w=106.0 v=211.0 ub=720.8
Node 13: w=482.0 v=693.0 ub=720.4
Node 7: w=31.0 v=119.0 ub=720.2
Node 7: w=100.0 v=203.0 ub=720.1
Node 7: w=80.0 v=178.0 ub=719.5
Node 6: w=64.0 v=106.0 ub=719.3
Node 13: w=470.0 v=684.0 ub=719.3
Node 11: w=370.0 v=586.0 ub=719.0
Node 8: w=164.0 v=287.0 ub=719.0
Node 7: w=74.0 v=170.0 ub=718.8
Node 13: w=454.0 v=673.0 ub=718.7
Node 9: w=232.0 v=449.0 ub=718.5
Node 9: w=273.0 v=486.0 ub=717.7
Node 6: w=45.0 v=79.0 ub=717.7
Node 11: w=344.0 v=562.0 ub=717.5
Node 8: w=82.0 v=187.0 ub=717.4
Node 13: w=476.0 v=685.0 ub=716.3
Node 13: w=460.0 v=674.0 ub=715.8
Node 9: w=267.0 v=478.0 ub=715.2
Node 13: w=448.0 v=665.0 ub=714.6
Node 11: w=279.0 v=502.0 ub=713.6
Node 7: w=57.0 v=144.0 ub=713.5
Node 13: w=456.0 v=669.0 ub=713.4
Node 9: w=216.0 v=429.0 ub=713.3
Node 7: w=51.0 v=136.0 ub=712.8
Node 7: w=100.0 v=195.0 ub=712.1
Node 13: w=454.0 v=666.0 ub=711.7
Node 7: w=79.0 v=169.0 ub=711.7
Node 9: w=219.0 v=430.0 ub=711.5
Node 9: w=296.0 v=501.0 ub=711.5
Node 7: w=94.0 v=187.0 ub=711.4
Node 7: w=73.0 v=161.0 ub=711.0
Node 9: w=210.0 v=421.0 ub=710.8
Node 6: w=44.0 v=70.0 ub=710.0
Node 7: w=38.0 v=117.0 ub=709.7
Node 9: w=213.0 v=422.0 ub=709.1
Node 7: w=32.0 v=109.0 ub=709.0
Node 9: w=290.0 v=493.0 ub=709.0
Node 13: w=434.0 v=650.0 ub=708.8
Node 6: w=25.0 v=43.0 ub=708.3
Node 7: w=81.0 v=168.0 ub=708.2
Node 9: w=254.0 v=459.0 ub=708.2
Node 7: w=60.0 v=142.0 ub=707.9
Node 7: w=75.0 v=160.0 ub=707.6
Node 7: w=54.0 v=134.0 ub=707.2
Node 13: w=411.0 v=632.0 ub=705.8
Node 9: w=248.0 v=451.0 ub=705.8
Node 7: w=97.0 v=185.0 ub=705.7
Node 7: w=91.0 v=177.0 ub=705.0
Node 9: w=197.0 v=402.0 ub=703.8
Node 9: w=277.0 v=474.0 ub=702.0
Node 7: w=78.0 v=158.0 ub=701.9
Node 13: w=405.0 v=624.0 ub=701.7
Node 9: w=191.0 v=394.0 ub=701.4
Node 7: w=72.0 v=150.0 ub=701.2
Node 13: w=389.0 v=613.0 ub=701.2
Node 9: w=213.0 v=414.0 ub=701.1
Node 7: w=80.0 v=159.0 ub=700.5
Node 6: w=19.0 v=27.0 ub=700.3
Node 9: w=253.0 v=450.0 ub=700.2
Node 7: w=74.0 v=151.0 ub=699.8
Node 9: w=271.0 v=466.0 ub=699.5
Node 7: w=54.0 v=126.0 ub=699.2
Node 13: w=385.0 v=608.0 ub=698.8
Node 6: w=0.0 v=0.0 ub=698.7
Node 9: w=207.0 v=406.0 ub=698.6
Node 7: w=48.0 v=118.0 ub=698.5
Node 9: w=247.0 v=442.0 ub=697.7
Node 13: w=383.0 v=605.0 ub=697.1
Node 9: w=156.0 v=357.0 ub=696.7
Node 7: w=61.0 v=132.0 ub=696.6
Node 7: w=55.0 v=124.0 ub=696.0
Node 7: w=35.0 v=99.0 ub=695.3
Node 9: w=236.0 v=429.0 ub=694.8
Node 7: w=29.0 v=91.0 ub=694.7
Node 9: w=150.0 v=349.0 ub=694.2
Node 13: w=363.0 v=589.0 ub=694.1
Node 9: w=191.0 v=386.0 ub=693.4
Node 7: w=72.0 v=142.0 ub=693.2
Node 7: w=66.0 v=134.0 ub=692.5
Node 9: w=230.0 v=421.0 ub=692.4
Node 9: w=194.0 v=387.0 ub=691.6
Node 9: w=271.0 v=458.0 ub=691.5
Node 9: w=185.0 v=378.0 ub=690.9
Node 9: w=234.0 v=423.0 ub=690.7
Node 7: w=53.0 v=115.0 ub=689.4
Node 9: w=188.0 v=379.0 ub=689.2
Node 9: w=265.0 v=450.0 ub=689.1
Node 7: w=47.0 v=107.0 ub=688.7
Node 9: w=228.0 v=415.0 ub=688.2
Node 7: w=55.0 v=116.0 ub=688.0
Node 7: w=49.0 v=108.0 ub=687.3
Node 9: w=137.0 v=330.0 ub=687.2
Node 9: w=214.0 v=401.0 ub=687.2
Node 9: w=217.0 v=402.0 ub=685.4
Node 9: w=131.0 v=322.0 ub=684.8
Node 9: w=208.0 v=393.0 ub=684.7
Node 9: w=268.0 v=448.0 ub=684.3
Node 7: w=36.0 v=89.0 ub=684.1
Node 9: w=172.0 v=359.0 ub=683.9
Node 9: w=193.0 v=378.0 ub=683.5
Node 7: w=30.0 v=81.0 ub=683.4
Node 9: w=211.0 v=394.0 ub=682.9
Node 9: w=252.0 v=431.0 ub=682.1
Node 9: w=262.0 v=440.0 ub=681.8
Node 7: w=52.0 v=106.0 ub=681.6
Node 9: w=166.0 v=351.0 ub=681.5
Node 9: w=187.0 v=370.0 ub=681.1
Node 7: w=46.0 v=98.0 ub=680.9
Node 9: w=228.0 v=407.0 ub=680.2
Node 7: w=95.0 v=157.0 ub=680.2
Node 9: w=246.0 v=423.0 ub=679.6
Node 7: w=89.0 v=149.0 ub=679.5
Node 7: w=33.0 v=79.0 ub=677.8
Node 9: w=222.0 v=399.0 ub=677.8
Node 9: w=195.0 v=374.0 ub=677.7
Node 7: w=27.0 v=71.0 ub=677.1
Node 9: w=131.0 v=314.0 ub=676.8
Node 7: w=76.0 v=130.0 ub=676.3
Node 9: w=171.0 v=350.0 ub=675.8
Node 7: w=70.0 v=122.0 ub=675.7
Node 9: w=189.0 v=366.0 ub=675.2
Node 9: w=211.0 v=386.0 ub=674.9
Node 9: w=249.0 v=421.0 ub=674.8
Node 9: w=125.0 v=306.0 ub=674.3
Node 9: w=174.0 v=351.0 ub=674.1
Node 9: w=251.0 v=422.0 ub=674.0
Node 9: w=165.0 v=342.0 ub=673.4
Node 9: w=269.0 v=438.0 ub=673.4
Node 9: w=205.0 v=378.0 ub=672.5
Node 9: w=243.0 v=413.0 ub=672.4
Node 9: w=168.0 v=343.0 ub=671.6
Node 9: w=245.0 v=414.0 ub=671.5
Node 9: w=263.0 v=430.0 ub=670.9
Node 9: w=209.0 v=380.0 ub=670.8
Node 9: w=154.0 v=329.0 ub=670.5
Node 9: w=203.0 v=372.0 ub=668.3
Node 9: w=148.0 v=321.0 ub=668.1
Node 9: w=208.0 v=376.0 ub=667.7
Node 9: w=112.0 v=287.0 ub=667.3
Node 9: w=189.0 v=358.0 ub=667.2
Node 9: w=152.0 v=323.0 ub=666.4
Node 9: w=192.0 v=359.0 ub=665.5
Node 9: w=202.0 v=368.0 ub=665.2
Node 9: w=106.0 v=279.0 ub=664.8
Node 9: w=183.0 v=350.0 ub=664.8
Node 9: w=232.0 v=395.0 ub=664.5
Node 9: w=243.0 v=405.0 ub=664.4
Node 9: w=250.0 v=411.0 ub=663.9
Node 9: w=146.0 v=315.0 ub=663.9
Node 9: w=168.0 v=335.0 ub=663.6
Node 9: w=186.0 v=351.0 ub=663.0
Node 9: w=226.0 v=387.0 ub=662.1
Node 9: w=237.0 v=397.0 ub=661.9
Node 9: w=244.0 v=403.0 ub=661.5
Node 9: w=162.0 v=327.0 ub=661.2
Node 9: w=135.0 v=302.0 ub=661.1
Node 9: w=186.0 v=348.0 ub=660.0
Node 9: w=111.0 v=278.0 ub=659.2
Node 9: w=129.0 v=294.0 ub=658.6
Node 9: w=189.0 v=349.0 ub=658.2
Node 9: w=266.0 v=420.0 ub=658.2
Node 9: w=170.0 v=331.0 ub=657.8
Node 9: w=180.0 v=340.0 ub=657.5
Node 9: w=191.0 v=350.0 ub=657.4
Node 9: w=209.0 v=366.0 ub=656.8
Node 9: w=105.0 v=270.0 ub=656.8
Node 9: w=146.0 v=307.0 ub=655.9
Node 9: w=183.0 v=341.0 ub=655.8
Node 9: w=260.0 v=412.0 ub=655.7
Node 9: w=164.0 v=323.0 ub=655.3
Node 9: w=224.0 v=378.0 ub=654.9
Node 9: w=185.0 v=342.0 ub=654.9
Node 9: w=203.0 v=358.0 ub=654.3
Node 9: w=149.0 v=308.0 ub=654.2
Node 9: w=226.0 v=379.0 ub=654.1
Node 9: w=244.0 v=395.0 ub=653.5
Node 9: w=140.0 v=299.0 ub=653.5
Node 9: w=218.0 v=370.0 ub=652.5
Node 9: w=143.0 v=300.0 ub=651.7
Node 9: w=220.0 v=371.0 ub=651.6
Node 9: w=238.0 v=387.0 ub=651.0
Node 9: w=129.0 v=286.0 ub=650.6
Node 9: w=167.0 v=321.0 ub=650.5
Node 9: w=92.0 v=251.0 ub=649.8
Node 9: w=169.0 v=322.0 ub=649.7
Node 9: w=187.0 v=338.0 ub=649.1
Node 9: w=123.0 v=278.0 ub=648.2
Node 9: w=161.0 v=313.0 ub=648.1
Node 9: w=172.0 v=323.0 ub=647.9
Node 9: w=183.0 v=333.0 ub=647.8
Node 9: w=86.0 v=243.0 ub=647.3
Node 9: w=190.0 v=339.0 ub=647.3
Node 9: w=163.0 v=314.0 ub=647.2
Node 9: w=223.0 v=369.0 ub=646.8
Node 9: w=181.0 v=330.0 ub=646.6
Node 9: w=127.0 v=280.0 ub=646.5
Node 9: w=166.0 v=315.0 ub=645.5
Node 9: w=177.0 v=325.0 ub=645.3
Node 9: w=184.0 v=331.0 ub=644.8
Node 9: w=207.0 v=352.0 ub=644.6
Node 9: w=217.0 v=361.0 ub=644.4
Node 9: w=225.0 v=368.0 ub=644.0
Node 9: w=121.0 v=272.0 ub=644.0
Node 9: w=126.0 v=276.0 ub=643.4
Node 9: w=201.0 v=344.0 ub=642.2
Node 9: w=206.0 v=348.0 ub=641.5
Node 9: w=219.0 v=360.0 ub=641.5
Node 9: w=110.0 v=259.0 ub=641.2
Node 9: w=120.0 v=268.0 ub=640.9
Node 9: w=150.0 v=295.0 ub=640.2
Node 9: w=161.0 v=305.0 ub=640.1
Node 9: w=168.0 v=311.0 ub=639.6
Node 9: w=86.0 v=235.0 ub=639.3
Node 9: w=200.0 v=340.0 ub=639.1
Node 9: w=104.0 v=251.0 ub=638.7
Node 9: w=164.0 v=306.0 ub=638.3
Node 9: w=144.0 v=287.0 ub=637.8
Node 9: w=155.0 v=297.0 ub=637.6
Node 9: w=166.0 v=307.0 ub=637.5
Node 9: w=204.0 v=342.0 ub=637.4
Node 9: w=162.0 v=303.0 ub=637.2
Node 9: w=80.0 v=227.0 ub=636.8
Node 9: w=184.0 v=323.0 ub=636.8
Node 9: w=158.0 v=298.0 ub=635.8
Node 9: w=160.0 v=299.0 ub=635.0
Node 9: w=178.0 v=315.0 ub=634.4
Node 9: w=107.0 v=249.0 ub=633.9
Node 9: w=184.0 v=320.0 ub=633.8
Node 9: w=109.0 v=250.0 ub=633.1
Node 9: w=127.0 v=266.0 ub=632.5
Node 9: w=101.0 v=241.0 ub=631.5
Node 9: w=178.0 v=312.0 ub=631.4
Node 9: w=142.0 v=278.0 ub=630.6
Node 9: w=103.0 v=242.0 ub=630.6
Node 9: w=163.0 v=297.0 ub=630.2
Node 9: w=121.0 v=258.0 ub=630.0
Node 9: w=67.0 v=208.0 ub=629.8
Node 9: w=144.0 v=279.0 ub=629.8
Node 9: w=162.0 v=295.0 ub=629.2
Node 9: w=136.0 v=270.0 ub=628.2
Node 9: w=147.0 v=280.0 ub=628.0
Node 9: w=157.0 v=289.0 ub=627.8
Node 9: w=61.0 v=200.0 ub=627.4
Node 9: w=165.0 v=296.0 ub=627.4
Node 9: w=138.0 v=271.0 ub=627.3
Node 9: w=156.0 v=287.0 ub=626.7
Node 9: w=141.0 v=272.0 ub=625.5
Node 9: w=159.0 v=288.0 ub=624.9
Node 9: w=90.0 v=223.0 ub=623.6
Node 9: w=101.0 v=233.0 ub=623.5
Node 9: w=108.0 v=239.0 ub=623.0
Node 9: w=141.0 v=269.0 ub=622.5
Node 9: w=84.0 v=215.0 ub=621.2
Node 9: w=95.0 v=225.0 ub=621.0
Node 9: w=144.0 v=270.0 ub=620.8
Node 9: w=102.0 v=231.0 ub=620.5
Node 9: w=125.0 v=252.0 ub=620.3
Node 9: w=135.0 v=261.0 ub=620.1
Node 9: w=119.0 v=244.0 ub=617.8
Node 9: w=124.0 v=248.0 ub=617.2
Node 9: w=118.0 v=240.0 ub=614.8
Node 9: w=82.0 v=206.0 ub=614.0
Node 9: w=84.0 v=207.0 ub=613.2
Node 9: w=102.0 v=223.0 ub=612.5
Node 9: w=76.0 v=198.0 ub=611.5
Node 9: w=78.0 v=199.0 ub=610.7
Node 9: w=96.0 v=215.0 ub=610.1
Node 9: w=81.0 v=197.0 ub=605.9
Node 9: w=65.0 v=180.0 ub=603.7
Node 9: w=75.0 v=189.0 ub=603.5
Node 9: w=59.0 v=172.0 ub=601.2
Using Branch and Bound the best feasible solution found: value 726.00, Weight 519.00
1 2 3 4 5 6 8 9 10 11 13 
